[gregarious-heart-942036.framer.app/index.html]
[backblue.gif]
[fade.gif]
[index.html]
[framerusercontent.com/images/zrxbUnciZ6a4vvv4OdDG9TaO2Fw.png]
[framerusercontent.com/images/wuO44kabE6LXfN6ycCHmFvrGvc.jpg]
[framerusercontent.com/images/73aAxwk0FImF1kzCA9lRANY8st0.png]
[gregarious-heart-942036.framer.app/projects.html]
[gregarious-heart-942036.framer.app/skills.html]
[framerusercontent.com/images/4TmnzSyIaw7SzjhyoQ6DSoWlq0.png]
[framerusercontent.com/images/qKXHAJcjC4d3XKhx76V7YIESKLw.jpg]
[framerusercontent.com/images/KPScAvknjjCbLhdFMxVjzeIDZw.png]
[framerusercontent.com/images/sQi6VI2TpD8qfRrS1NpDp9ZHQ.png]
[framerusercontent.com/images/4ITg6hUAzbRZsvrGe703mddZMM.png]
[gregarious-heart-942036.framer.app/blog/starting-a-career-in-web-design.html]
[framerusercontent.com/images/35jaIgFG75znF5A6R6P9R03uJQ.jpg]
[gregarious-heart-942036.framer.app/blog/algo.html]
[framerusercontent.com/images/iZ8xPHtDk00mRHUORtRJPzFpXTM.jpg]
[gregarious-heart-942036.framer.app/blog/iot.html]
[framerusercontent.com/images/VNWPiekG7BUTUdWZjJmABlmru4k.jpg]
[gregarious-heart-942036.framer.app/blog/building-a-navigation-component.html]
[gregarious-heart-942036.framer.app/blog/how-to-create-an-effective-design-portfolio.html]
[framerusercontent.com/images/lI7Ca9oTlscaCvjXFzpkcOB7g.jpg]
[framerusercontent.com/images/gUqKjtPXrs4luMDPZVxSrs10QFo.png]
[gregarious-heart-942036.framer.app/index.html]
[framerusercontent.com/images/Nb93ciYJmu2TPx6f5tKrii5OEQ.png]
[framerusercontent.com/images/3nXdLV9HfJE6z1xzwCpACjejIEI.png]
[gregarious-heart-942036.framer.app/projects.html]
[gregarious-heart-942036.framer.app/skills.html]
[gregarious-heart-942036.framer.app/blog/starting-a-career-in-web-design.html]
[gregarious-heart-942036.framer.app/blog/algo.html]
[gregarious-heart-942036.framer.app/blog/iot.html]
[gregarious-heart-942036.framer.app/blog/building-a-navigation-component.html]
[gregarious-heart-942036.framer.app/blog/how-to-create-an-effective-design-portfolio.html]
